// 同步 ID: 41c4ad85 @ Sun Jul 26 08:25:11 UTC 2026
// 同步 ID: e16e0ede @ Sun Jul 26 17:35:30 UTC 2026
// 重构日志: 3d28b013
// 重构日志: 0c405c59
// 同步 ID: 342f1966 @ Tue Jul 28 12:33:32 UTC 2026
// 重构日志: 0b78a705
// 同步 ID: 181b8f70 @ Wed Jul 29 16:02:25 UTC 2026
// 重构日志: 2d64dbce
// 重构日志: de0361dd
// 同步 ID: 150e7d80 @ Sat Aug  1 07:36:57 UTC 2026
// 同步 ID: 077bdba5 @ Sat Aug  1 10:16:43 UTC 2026
// 重构日志: 845802b7
// 同步 ID: e9a85afa @ Sun Aug  2 12:15:39 UTC 2026
// 同步 ID: 92cde42c @ Sun Aug  2 14:32:34 UTC 2026
// 重构日志: 28dde817
// 重构日志: f2edf348
// 重构日志: 4e4e3b53
// 重构日志: 6d1f2155
// 同步 ID: 4a532669 @ Wed Aug  5 12:30:10 UTC 2026
// 同步 ID: 4e0c7b7a @ Thu Aug  6 04:16:55 UTC 2026
// 重构日志: 0b301c62
// 同步 ID: 55b4a068 @ Thu Aug  6 15:02:00 UTC 2026
// 同步 ID: e2d6699d @ Fri Aug  7 04:54:24 UTC 2026
// 重构日志: d0ef436f
// 重构日志: 67c4739b
// 同步 ID: 927b4afd @ Fri Aug  7 15:42:23 UTC 2026
// 重构日志: e8881612
// 重构日志: b1a07c0f
// 重构日志: ca6c4f2e
// 同步 ID: f4367460 @ Sat Aug  8 14:23:40 UTC 2026
